../Core/Src/main.c:193:6:PCA9685_SetBit	40	static
../Core/Src/main.c:204:6:PCA9685_SetPWMFrequency	40	static
../Core/Src/main.c:218:6:PCA9685_Init	16	static
../Core/Src/main.c:224:6:PCA9685_SetPWM	40	static
../Core/Src/main.c:237:6:PCA9685_SetServoAngle	24	static
../Core/Src/main.c:247:6:init_gait	8	static
../Core/Src/main.c:268:6:test	8	static
../Core/Src/main.c:289:6:moveRobotStraight	32	static
../Core/Src/main.c:340:6:bouncing	8	static
../Core/Src/main.c:367:5:main	8	static
../Core/Src/main.c:422:6:SystemClock_Config	72	static
../Core/Src/main.c:459:13:MX_I2C1_Init	8	static
../Core/Src/main.c:493:13:MX_GPIO_Init	16	static
../Core/Src/main.c:514:6:Error_Handler	4	static,ignoring_inline_asm
